0
3
3
81
10
31
7
53
1
14
0
39
17
7
24
80
9
1
58
23
38
0
69
50
4
5
36
27
43
10
36
7
8
11
4
8
13
0
1
40
28
18
63
11
10
49
3
6
1
41
16
87
8
53
83
1
3
9
56
6
15
11
6
46
52
5
0
1
0
30
11
1
58
36
47
1
12
1
16
12
53
10
28
8
12
9
43
83
3
76
18
32
0
58
32
32
5
62
0
2
2
33
46
0
1
0
12
56
4
50
100
65
48
15
79
17
12
13
3
51
7
64
0
35
69
77
81
17
21
3
45
12
19
23
2
67
1
2
14
1
1
11
19
2
15
12
21
84
3
52
28
37
8
52
18
13
13
51
29
64
0
68
1
31
14
8
16
15
34
45
77
23
9
30
2
1
9
7
2
2
19
71
42
8
23
20
69
31
78
69
2
50
8
26
14
1
2
2
13
49
35
55
21
14
0
1
1
52
0
3
46
18
11
84
22
3
58
39
4
7
21
60
12
38
20
15
21
20
2
2
59
53
1
15
86
39
3
22
54
68
0
2
10
1
18
77
62
11
40
8
1
39
69
3
9
28
9
0
0
26
10
3
13
78
48
27
45
37
2
64
12
1
20
11
1
3
21
0
30
7
13
12
8
57
13
6
18
2
