70
34
0
31
0
2
5
37
2
12
45
12
91
33
55
12
62
2
1
10
12
2
25
39
61
27
14
7
10
44
34
59
40
4
64
46
52
45
20
53
1
11
52
1
67
54
3
54
34
43
19
5
28
38
15
75
18
23
40
3
30
5
35
29
12
40
5
6
15
40
13
3
9
1
19
15
57
3
46
12
0
17
1
7
50
6
31
29
1
3
14
75
29
53
84
28
2
7
40
1
73
8
2
50
55
10
4
40
35
11
40
14
2
51
12
6
55
50
17
6
60
3
9
7
7
0
13
21
63
37
1
26
6
59
4
5
56
30
18
54
25
3
5
70
85
15
17
77
32
25
47
1
50
50
4
96
19
14
36
52
12
58
51
40
53
24
13
0
71
8
55
57
30
9
44
9
2
6
8
4
11
1
39
10
3
39
10
38
45
13
12
21
2
1
12
17
57
44
7
41
22
70
21
4
1
5
19
1
9
2
7
14
11
13
36
23
17
75
57
4
15
1
16
74
28
2
13
13
8
13
31
8
5
11
5
90
19
48
17
33
16
1
15
54
21
0
30
8
47
20
3
60
32
18
38
9
2
12
53
34
5
16
44
14
46
66
67
3
89
1
7
5
9
1
83
40
8
96
30
59
42
